// Jest Snapshot v1, https://goo.gl/fbAQLP

exports[`Rendering default collapsible pane 1`] = `
<div
  className="collapsiblePanel"
>
  <button
    className="btn btn-link"
    id="collapsiblePaneId-expand-button"
    onClick={[Function]}
    type="button"
  >
    <svg
      aria-hidden="true"
      className="svg-inline--fa fa-plus fa-w-14 fa-lg icon"
      data-icon="plus"
      data-prefix="fas"
      focusable="false"
      role="img"
      style={Object {}}
      viewBox="0 0 448 512"
      xmlns="http://www.w3.org/2000/svg"
    >
      <path
        d="M416 208H272V64c0-17.67-14.33-32-32-32h-32c-17.67 0-32 14.33-32 32v144H32c-17.67 0-32 14.33-32 32v32c0 17.67 14.33 32 32 32h144v144c0 17.67 14.33 32 32 32h32c17.67 0 32-14.33 32-32V304h144c17.67 0 32-14.33 32-32v-32c0-17.67-14.33-32-32-32z"
        fill="currentColor"
        style={Object {}}
      />
    </svg>
    collapsiblePane Configuration
  </button>
  <div
    className="hidden"
  >
    Child 1
    Child 2
  </div>
</div>
`;
