// Jest Snapshot v1, https://goo.gl/fbAQLP

exports[`Rendering default cancel button snapshot 1`] = `
<button
  className="btn btn-sm btn-link"
  onClick={[Function]}
  type="reset"
>
  Cancel
</button>
`;
