// Jest Snapshot v1, https://goo.gl/fbAQLP

exports[`Rendering default test button snapshot 1`] = `
<button
  className="btn btn-primary btn-sm"
  onClick={[Function]}
  type="button"
>
  Click Me
</button>
`;
