// Jest Snapshot v1, https://goo.gl/fbAQLP

exports[`Rendering default save button snapshot 1`] = `
<button
  className="btn btn-sm btn-primary"
  onClick={[Function]}
  type="submit"
>
  Submit
</button>
`;
